// Jest Snapshot v1, https://goo.gl/fbAQLP

exports[`Footer should be rendered correctly 1`] = `
<div
  className="mr_footer"
>
  <div
    className="mr_container"
  >
    <Logo />
  </div>
</div>
`;
