// Jest Snapshot v1, https://goo.gl/fbAQLP

exports[`Header should be rendered correctly with custom clasName 1`] = `
<div
  className="mr_header testClass"
>
  <div
    className="mr_container mr_headerContent"
  >
    <Logo />
  </div>
</div>
`;
