// Jest Snapshot v1, https://goo.gl/fbAQLP

exports[`MoviePreview MoviePreview with custom Movie should be rendered correctly 1`] = `
<Link
  className="mr_moviePreview"
  to="/movie/399174"
>
  <img
    alt="Isle of Dogs"
    className="mr_moviePoster"
    src="https://image.tmdb.org/t/p/w500/c0nUX6Q1ZB0P2t1Jo6EeFSVnOGQ.jpg"
  />
  <div
    className="mr_movieInfo"
  >
    <div>
      <div
        className="mr_movieTitle"
      >
        Isle of Dogs
      </div>
      <div
        className="mr_movieDate"
      >
        <span>
          2018
        </span>
      </div>
    </div>
    <div
      className="mr_movieGenre"
    >
      Adventure, Comedy, Animation
    </div>
  </div>
</Link>
`;
